---
source: tests/ok.rs
expression: code
---
package literal

func helloWorld() (string) {
	return "hello, world"
}

func theAnswer() (int) {
	return 42
}
